src/lib/codes-checker.ts(81,7): error TS1136: Property assignment expected.
src/lib/codes-checker.ts(81,11): error TS1005: ',' expected.
src/lib/codes-checker.ts(81,13): error TS1134: Variable declaration expected.
src/lib/codes-checker.ts(82,11): error TS1005: ';' expected.
src/lib/codes-checker.ts(83,11): error TS1005: ';' expected.
src/lib/codes-checker.ts(84,11): error TS1005: ';' expected.
src/lib/codes-checker.ts(85,11): error TS1005: ';' expected.
src/lib/codes-checker.ts(86,6): error TS1472: 'catch' or 'finally' expected.
src/lib/codes-checker.ts(95,5): error TS1005: 'try' expected.
src/lib/codes-checker.ts(98,1): error TS1128: Declaration or statement expected.
src/lib/codes-checker.ts(125,7): error TS1136: Property assignment expected.
src/lib/codes-checker.ts(125,11): error TS1005: ',' expected.
src/lib/codes-checker.ts(125,13): error TS1134: Variable declaration expected.
src/lib/codes-checker.ts(126,11): error TS1005: ';' expected.
src/lib/codes-checker.ts(127,11): error TS1005: ';' expected.
src/lib/codes-checker.ts(128,11): error TS1005: ';' expected.
src/lib/codes-checker.ts(129,11): error TS1005: ';' expected.
src/lib/codes-checker.ts(130,6): error TS1472: 'catch' or 'finally' expected.
src/lib/codes-checker.ts(139,5): error TS1005: 'try' expected.
src/lib/codes-checker.ts(142,1): error TS1128: Declaration or statement expected.
